// Jest Snapshot v1, https://goo.gl/fbAQLP

exports[`Should Mistakes render correctly 1`] = `
<div>
  <div
    class="game__mistakes"
  >
    <div
      class="wrong"
    />
    <div
      class="wrong"
    />
    <div
      class="wrong"
    />
  </div>
</div>
`;
